2026-06-08 15:14:07,307 [INFO] สร้าง demo data structure...
2026-06-08 15:14:07,310 [INFO] 📁 วาง training images ที่:
  data/correct/  — ภาพท่าทางที่ถูกต้อง
  data/incorrect/ — ภาพท่าทางที่ไม่ถูกต้อง
แล้วรัน: python train_model.py --train
2026-06-08 15:16:21,101 [INFO] ============================================================
2026-06-08 15:16:21,102 [INFO]  Breastfeeding Pose Detection — Model Training
2026-06-08 15:16:21,102 [INFO] ============================================================
2026-06-08 15:16:21,206 [INFO] [correct] พบภาพ 4 ภาพ
2026-06-08 15:16:23,240 [INFO] [incorrect] พบภาพ 2 ภาพ
2026-06-08 15:16:23,868 [INFO] ข้อมูลทั้งหมด: 17 ตัวอย่าง | Features: 84
2026-06-08 15:16:23,868 [INFO] การแจกแจง: {'correct': 14, 'incorrect': 3}
2026-06-08 15:16:23,872 [INFO] กำลัง Cross-validation...
2026-06-08 15:16:28,112 [INFO] CV Accuracy: 0.8667 ± 0.1633
2026-06-08 15:16:28,113 [INFO] กำลังเทรน final model...
2026-06-08 15:16:28,372 [INFO] เทรนเสร็จใน 0.3 วินาที
2026-06-08 15:16:28,446 [INFO] 
Test Accuracy: 1.0000
2026-06-08 15:16:28,450 [INFO] 
              precision    recall  f1-score   support

     correct       1.00      1.00      1.00         3
   incorrect       1.00      1.00      1.00         1

    accuracy                           1.00         4
   macro avg       1.00      1.00      1.00         4
weighted avg       1.00      1.00      1.00         4

2026-06-08 15:16:28,461 [INFO] บันทึกโมเดลที่: models\breastfeeding_classifier.pkl
2026-06-08 15:17:14,992 [INFO] เปิดกล้อง... กด 'q' เพื่อออก
2026-06-08 15:20:37,501 [INFO] เปิดกล้อง... กด 'q' เพื่อออก
